前回の結果を削除しました

========================================
=== Run 1/10 ===
========================================
Run 1: シミュレーション開始...
Motion step 10000 / 80001
Motion step 20000 / 80001
Motion step 30000 / 80001
Motion step 40000 / 80001
Motion step 50000 / 80001
Motion step 60000 / 80001
Motion step 70000 / 80001
Motion step 80000 / 80001
Sensor step 10000 / 80001
Sensor step 20000 / 80001
Sensor step 30000 / 80001
Sensor step 40000 / 80001
Sensor step 50000 / 80001
Sensor step 60000 / 80001
Sensor step 70000 / 80001
Sensor step 80000 / 80001
sim_generate: wrote C:\Users\takut\OneDrive\ドキュメント\MATLAB\KalmanFilter\kalman\GenerateData\truth_data.csv and C:\Users\takut\OneDrive\ドキュメント\MATLAB\KalmanFilter\kalman\GenerateData\sensor_data.csv (80001 samples)
初期化期間: 5.0秒 (2000 サンプル)
Start loop
Step 1000 / 80001
Step 2000 / 80001
[eskf_core_mex] MEX not found, using MATLAB fallback
[kalman_filter_core] Using MATLAB implementation (MEX disabled)
[GPS Update Debug] dx(10:15) = [-0.000002, 0.000002, 0.000001, -0.000000, -0.000000, 0.000000]
Step 3000 / 80001
Step 4000 / 80001
Step 5000 / 80001
Step 6000 / 80001
Step 7000 / 80001
Step 8000 / 80001
Step 9000 / 80001
Step 10000 / 80001
Step 11000 / 80001
Step 12000 / 80001
Step 13000 / 80001
Step 14000 / 80001
Step 15000 / 80001
Step 16000 / 80001
Step 17000 / 80001
Step 18000 / 80001
Step 19000 / 80001
Step 20000 / 80001
Step 21000 / 80001
Step 22000 / 80001
Step 23000 / 80001
Step 24000 / 80001
Step 25000 / 80001
Step 26000 / 80001
Step 27000 / 80001
Step 28000 / 80001
Step 29000 / 80001
Step 30000 / 80001
Step 31000 / 80001
Step 32000 / 80001
Step 33000 / 80001
Step 34000 / 80001
Step 35000 / 80001
Step 36000 / 80001
Step 37000 / 80001
Step 38000 / 80001
Step 39000 / 80001
Step 40000 / 80001
Step 41000 / 80001
Step 42000 / 80001
Step 43000 / 80001
Step 44000 / 80001
Step 45000 / 80001
Step 46000 / 80001
Step 47000 / 80001
Step 48000 / 80001
Step 49000 / 80001
Step 50000 / 80001
Step 51000 / 80001
Step 52000 / 80001
Step 53000 / 80001
Step 54000 / 80001
Step 55000 / 80001
Step 56000 / 80001
Step 57000 / 80001
Step 58000 / 80001
Step 59000 / 80001
Step 60000 / 80001
Step 61000 / 80001
Step 62000 / 80001
Step 63000 / 80001
Step 64000 / 80001
Step 65000 / 80001
Step 66000 / 80001
Step 67000 / 80001
Step 68000 / 80001
Step 69000 / 80001
Step 70000 / 80001
Step 71000 / 80001
Step 72000 / 80001
Step 73000 / 80001
Step 74000 / 80001
Step 75000 / 80001
Step 76000 / 80001
Step 77000 / 80001
Step 78000 / 80001
Step 79000 / 80001
Step 80000 / 80001

=== 計算時間プロファイル ===
predict:      13.252 s (165.65 us/call)
update_accel: 7.536 s (193.23 us/call, 39000 calls)
update_mag:   3.403 s (174.52 us/call, 19500 calls)
update_baro:  0.378 s (38.79 us/call, 9750 calls)
update_gps:   1.766 s (226.44 us/call, 7800 calls)
Total:        26.336 s
================================

推定完了
Run 1: シミュレーション完了 (3.54秒)
Run 1: 結果保存 -> estimation_01.csv
Run 1: 解析開始...
Run 1 Summary:
  Position RMSE: 2.3815 m
  Velocity RMSE: 0.5207 m/s
  Roll/Pitch/Yaw RMSE: 0.5188 / 0.2872 / 1.7131 deg
  Gyro bias (final): [-0.7990, -0.4413, -0.3669] deg/s
  Max Innovation: 0.9541
  Status: SUCCESS

========================================
=== Run 2/10 ===
========================================
Run 2: シミュレーション開始...
Motion step 10000 / 80001
Motion step 20000 / 80001
Motion step 30000 / 80001
Motion step 40000 / 80001
Motion step 50000 / 80001
Motion step 60000 / 80001
Motion step 70000 / 80001
Motion step 80000 / 80001
Sensor step 10000 / 80001
Sensor step 20000 / 80001
Sensor step 30000 / 80001
Sensor step 40000 / 80001
Sensor step 50000 / 80001
Sensor step 60000 / 80001
Sensor step 70000 / 80001
Sensor step 80000 / 80001
sim_generate: wrote C:\Users\takut\OneDrive\ドキュメント\MATLAB\KalmanFilter\kalman\GenerateData\truth_data.csv and C:\Users\takut\OneDrive\ドキュメント\MATLAB\KalmanFilter\kalman\GenerateData\sensor_data.csv (80001 samples)
初期化期間: 5.0秒 (2000 サンプル)
Start loop
Step 1000 / 80001
Step 2000 / 80001
Step 3000 / 80001
Step 4000 / 80001
Step 5000 / 80001
Step 6000 / 80001
Step 7000 / 80001
Step 8000 / 80001
Step 9000 / 80001
Step 10000 / 80001
Step 11000 / 80001
Step 12000 / 80001
Step 13000 / 80001
Step 14000 / 80001
Step 15000 / 80001
Step 16000 / 80001
Step 17000 / 80001
Step 18000 / 80001
Step 19000 / 80001
Step 20000 / 80001
Step 21000 / 80001
Step 22000 / 80001
Step 23000 / 80001
Step 24000 / 80001
Step 25000 / 80001
Step 26000 / 80001
Step 27000 / 80001
Step 28000 / 80001
Step 29000 / 80001
Step 30000 / 80001
Step 31000 / 80001
Step 32000 / 80001
Step 33000 / 80001
Step 34000 / 80001
Step 35000 / 80001
Step 36000 / 80001
Step 37000 / 80001
Step 38000 / 80001
Step 39000 / 80001
Step 40000 / 80001
Step 41000 / 80001
Step 42000 / 80001
Step 43000 / 80001
Step 44000 / 80001
Step 45000 / 80001
Step 46000 / 80001
Step 47000 / 80001
Step 48000 / 80001
Step 49000 / 80001
Step 50000 / 80001
Step 51000 / 80001
Step 52000 / 80001
Step 53000 / 80001
Step 54000 / 80001
Step 55000 / 80001
Step 56000 / 80001
Step 57000 / 80001
Step 58000 / 80001
Step 59000 / 80001
Step 60000 / 80001
Step 61000 / 80001
Step 62000 / 80001
Step 63000 / 80001
Step 64000 / 80001
Step 65000 / 80001
Step 66000 / 80001
Step 67000 / 80001
Step 68000 / 80001
Step 69000 / 80001
Step 70000 / 80001
Step 71000 / 80001
Step 72000 / 80001
Step 73000 / 80001
Step 74000 / 80001
Step 75000 / 80001
Step 76000 / 80001
Step 77000 / 80001
Step 78000 / 80001
