前回の結果を削除しました

========================================
=== Run 1/10 ===
========================================
Run 1: シミュレーション開始...
Motion step 10000 / 20001
Motion step 20000 / 20001
Sensor step 10000 / 20001
Sensor step 20000 / 20001
sim_generate: wrote C:\Users\takut\OneDrive\ドキュメント\MATLAB\KalmanFilter\kalman\GenerateData\truth_data.csv and C:\Users\takut\OneDrive\ドキュメント\MATLAB\KalmanFilter\kalman\GenerateData\sensor_data.csv (20001 samples)
Initialized Yaw from Mag: 0.05 deg
推定完了
Run 1: シミュレーション完了 (19.47秒)
Run 1: 結果保存 -> estimation_01.csv
Run 1: 解析開始...
Run 1 Summary: PASS (Position axes within 1.00m and attitude within 5.0deg; attitude axes within 1.0deg)
  Position RMSE: Overall=0.5226 m, X=0.1627 m, Y=0.1395 m, Z=0.4766 m
  Velocity RMSE: 0.5698 m/s
  Roll/Pitch/Yaw RMSE: 0.2733 / 0.2770 / 0.6419 deg
  Gyro bias (final): [-0.2213, 0.0439, -0.0530] deg/s
  Max Innovation: 0.0000

========================================
=== Run 2/10 ===
========================================
Run 2: シミュレーション開始...
Motion step 10000 / 20001
Motion step 20000 / 20001
Sensor step 10000 / 20001
Sensor step 20000 / 20001
sim_generate: wrote C:\Users\takut\OneDrive\ドキュメント\MATLAB\KalmanFilter\kalman\GenerateData\truth_data.csv and C:\Users\takut\OneDrive\ドキュメント\MATLAB\KalmanFilter\kalman\GenerateData\sensor_data.csv (20001 samples)
Initialized Yaw from Mag: -0.20 deg
推定完了
Run 2: シミュレーション完了 (18.44秒)
Run 2: 結果保存 -> estimation_02.csv
Run 2: 解析開始...
Run 2 Summary: PASS (Position axes within 1.00m and attitude within 5.0deg; attitude axes within 1.0deg)
  Position RMSE: Overall=0.5443 m, X=0.1531 m, Y=0.1433 m, Z=0.5023 m
  Velocity RMSE: 0.5681 m/s
  Roll/Pitch/Yaw RMSE: 0.2858 / 0.3003 / 0.6849 deg
  Gyro bias (final): [0.0003, 0.0660, 0.1464] deg/s
  Max Innovation: 0.0000

========================================
=== Run 3/10 ===
========================================
Run 3: シミュレーション開始...
Motion step 10000 / 20001
Motion step 20000 / 20001
Sensor step 10000 / 20001
Sensor step 20000 / 20001
sim_generate: wrote C:\Users\takut\OneDrive\ドキュメント\MATLAB\KalmanFilter\kalman\GenerateData\truth_data.csv and C:\Users\takut\OneDrive\ドキュメント\MATLAB\KalmanFilter\kalman\GenerateData\sensor_data.csv (20001 samples)
Initialized Yaw from Mag: -0.24 deg
推定完了
Run 3: シミュレーション完了 (18.13秒)
Run 3: 結果保存 -> estimation_03.csv
Run 3: 解析開始...
Run 3 Summary: PASS (Position axes within 1.00m and attitude within 5.0deg; attitude axes within 1.0deg)
  Position RMSE: Overall=0.5431 m, X=0.1646 m, Y=0.1387 m, Z=0.4986 m
  Velocity RMSE: 0.5685 m/s
  Roll/Pitch/Yaw RMSE: 0.2649 / 0.2770 / 0.7312 deg
  Gyro bias (final): [0.0553, -0.0106, 0.3650] deg/s
  Max Innovation: 0.0000

========================================
=== Run 4/10 ===
========================================
Run 4: シミュレーション開始...
Motion step 10000 / 20001
Motion step 20000 / 20001
Sensor step 10000 / 20001
Sensor step 20000 / 20001
sim_generate: wrote C:\Users\takut\OneDrive\ドキュメント\MATLAB\KalmanFilter\kalman\GenerateData\truth_data.csv and C:\Users\takut\OneDrive\ドキュメント\MATLAB\KalmanFilter\kalman\GenerateData\sensor_data.csv (20001 samples)
Initialized Yaw from Mag: -0.16 deg
推定完了
Run 4: シミュレーション完了 (17.91秒)
Run 4: 結果保存 -> estimation_04.csv
Run 4: 解析開始...
Run 4 Summary: PASS (Position axes within 1.00m and attitude within 5.0deg; attitude axes within 1.0deg)
  Position RMSE: Overall=0.5282 m, X=0.1431 m, Y=0.1464 m, Z=0.4869 m
  Velocity RMSE: 0.5671 m/s
  Roll/Pitch/Yaw RMSE: 0.2858 / 0.2992 / 0.6557 deg
  Gyro bias (final): [-0.2077, -0.0892, 0.1416] deg/s
  Max Innovation: 0.0000

========================================
=== Run 5/10 ===
========================================
Run 5: シミュレーション開始...
Motion step 10000 / 20001
Motion step 20000 / 20001
Sensor step 10000 / 20001
Sensor step 20000 / 20001
sim_generate: wrote C:\Users\takut\OneDrive\ドキュメント\MATLAB\KalmanFilter\kalman\GenerateData\truth_data.csv and C:\Users\takut\OneDrive\ドキュメント\MATLAB\KalmanFilter\kalman\GenerateData\sensor_data.csv (20001 samples)
Initialized Yaw from Mag: 0.27 deg
推定完了
Run 5: シミュレーション完了 (17.91秒)
Run 5: 結果保存 -> estimation_05.csv
Run 5: 解析開始...
Run 5 Summary: PASS (Position axes within 1.00m and attitude within 5.0deg; attitude axes within 1.0deg)
  Position RMSE: Overall=0.5627 m, X=0.1633 m, Y=0.1556 m, Z=0.5155 m
  Velocity RMSE: 0.5679 m/s
  Roll/Pitch/Yaw RMSE: 0.2790 / 0.2840 / 0.6509 deg
  Gyro bias (final): [0.0556, 0.1036, -0.1446] deg/s
  Max Innovation: 0.0000

========================================
=== Run 6/10 ===
========================================
Run 6: シミュレーション開始...
Motion step 10000 / 20001
Motion step 20000 / 20001
Sensor step 10000 / 20001
Sensor step 20000 / 20001
sim_generate: wrote C:\Users\takut\OneDrive\ドキュメント\MATLAB\KalmanFilter\kalman\GenerateData\truth_data.csv and C:\Users\takut\OneDrive\ドキュメント\MATLAB\KalmanFilter\kalman\GenerateData\sensor_data.csv (20001 samples)
Initialized Yaw from Mag: -0.39 deg
推定完了
Run 6: シミュレーション完了 (18.04秒)
Run 6: 結果保存 -> estimation_06.csv
Run 6: 解析開始...
Run 6 Summary: PASS (Position axes within 1.00m and attitude within 5.0deg; attitude axes within 1.0deg)
  Position RMSE: Overall=0.5181 m, X=0.1532 m, Y=0.1502 m, Z=0.4716 m
  Velocity RMSE: 0.5710 m/s
  Roll/Pitch/Yaw RMSE: 0.2688 / 0.2926 / 0.6432 deg
  Gyro bias (final): [0.0038, 0.0799, -0.1091] deg/s
  Max Innovation: 0.0000

========================================
=== Run 7/10 ===
========================================
Run 7: シミュレーション開始...
Motion step 10000 / 20001
Motion step 20000 / 20001
Sensor step 10000 / 20001
Sensor step 20000 / 20001
sim_generate: wrote C:\Users\takut\OneDrive\ドキュメント\MATLAB\KalmanFilter\kalman\GenerateData\truth_data.csv and C:\Users\takut\OneDrive\ドキュメント\MATLAB\KalmanFilter\kalman\GenerateData\sensor_data.csv (20001 samples)
Initialized Yaw from Mag: -0.00 deg
推定完了
Run 7: シミュレーション完了 (17.94秒)
Run 7: 結果保存 -> estimation_07.csv
Run 7: 解析開始...
Run 7 Summary: PASS (Position axes within 1.00m and attitude within 5.0deg; attitude axes within 1.0deg)
  Position RMSE: Overall=0.5197 m, X=0.1519 m, Y=0.1457 m, Z=0.4752 m
  Velocity RMSE: 0.5689 m/s
  Roll/Pitch/Yaw RMSE: 0.2619 / 0.2951 / 0.6277 deg
  Gyro bias (final): [-0.0781, -0.0214, 0.2035] deg/s
  Max Innovation: 0.0000

========================================
=== Run 8/10 ===
========================================
Run 8: シミュレーション開始...
Motion step 10000 / 20001
Motion step 20000 / 20001
Sensor step 10000 / 20001
Sensor step 20000 / 20001
sim_generate: wrote C:\Users\takut\OneDrive\ドキュメント\MATLAB\KalmanFilter\kalman\GenerateData\truth_data.csv and C:\Users\takut\OneDrive\ドキュメント\MATLAB\KalmanFilter\kalman\GenerateData\sensor_data.csv (20001 samples)
Initialized Yaw from Mag: -0.02 deg
推定完了
Run 8: シミュレーション完了 (17.91秒)
Run 8: 結果保存 -> estimation_08.csv
Run 8: 解析開始...
Run 8 Summary: PASS (Position axes within 1.00m and attitude within 5.0deg; attitude axes within 1.0deg)
  Position RMSE: Overall=0.4761 m, X=0.1605 m, Y=0.1434 m, Z=0.4247 m
  Velocity RMSE: 0.5683 m/s
  Roll/Pitch/Yaw RMSE: 0.2714 / 0.2946 / 0.7141 deg
  Gyro bias (final): [0.0748, 0.0600, -0.0295] deg/s
  Max Innovation: 0.0000

========================================
=== Run 9/10 ===
========================================
Run 9: シミュレーション開始...
Motion step 10000 / 20001
Motion step 20000 / 20001
Sensor step 10000 / 20001
Sensor step 20000 / 20001
sim_generate: wrote C:\Users\takut\OneDrive\ドキュメント\MATLAB\KalmanFilter\kalman\GenerateData\truth_data.csv and C:\Users\takut\OneDrive\ドキュメント\MATLAB\KalmanFilter\kalman\GenerateData\sensor_data.csv (20001 samples)
Initialized Yaw from Mag: -0.30 deg
推定完了
Run 9: シミュレーション完了 (17.93秒)
Run 9: 結果保存 -> estimation_09.csv
Run 9: 解析開始...
Run 9 Summary: PASS (Position axes within 1.00m and attitude within 5.0deg; attitude axes within 1.0deg)
  Position RMSE: Overall=0.5087 m, X=0.1656 m, Y=0.1624 m, Z=0.4527 m
  Velocity RMSE: 0.5689 m/s
  Roll/Pitch/Yaw RMSE: 0.2803 / 0.3030 / 0.6611 deg
  Gyro bias (final): [-0.0996, 0.0894, 0.0744] deg/s
  Max Innovation: 0.0000

========================================
=== Run 10/10 ===
========================================
Run 10: シミュレーション開始...
Motion step 10000 / 20001
Motion step 20000 / 20001
Sensor step 10000 / 20001
Sensor step 20000 / 20001
sim_generate: wrote C:\Users\takut\OneDrive\ドキュメント\MATLAB\KalmanFilter\kalman\GenerateData\truth_data.csv and C:\Users\takut\OneDrive\ドキュメント\MATLAB\KalmanFilter\kalman\GenerateData\sensor_data.csv (20001 samples)
Initialized Yaw from Mag: 0.04 deg
推定完了
Run 10: シミュレーション完了 (18.06秒)
Run 10: 結果保存 -> estimation_10.csv
Run 10: 解析開始...
Run 10 Summary: PASS (Position axes within 1.00m and attitude within 5.0deg; attitude axes within 1.0deg)
  Position RMSE: Overall=0.5282 m, X=0.1646 m, Y=0.1595 m, Z=0.4760 m
  Velocity RMSE: 0.5706 m/s
  Roll/Pitch/Yaw RMSE: 0.2694 / 0.2887 / 0.6845 deg
  Gyro bias (final): [0.1331, 0.3992, -0.0649] deg/s
  Max Innovation: 0.0000

========================================
=== 総合結果 ===
========================================
成功: 10/10 (100.0%)

成功したRunの統計:
Position RMSE (overall): Mean=0.5252, Std=0.0233, Max=0.5627 m
Position RMSE by axis: X Mean=0.1583, Y Mean=0.1485, Z Mean=0.4780 m
Position RMSE by axis: X Std=0.0075, Y Std=0.0082, Z Std=0.0259 m
Position RMSE by axis: X Max=0.1656, Y Max=0.1624, Z Max=0.5155 m
Velocity RMSE: Mean=0.5689, Std=0.0012, Max=0.5710 m/s
Roll RMSE: Mean=0.2740, Std=0.0083, Max=0.2858 deg
Pitch RMSE: Mean=0.2912, Std=0.0093, Max=0.3030 deg
Yaw RMSE: Mean=0.6695, Std=0.0334, Max=0.7312 deg

個別結果:
Run  1: PASS (Pos Overall=0.5226m, X=0.1627m, Y=0.1395m, Z=0.4766m, Att=0.27/0.28/0.64 deg)
Run  2: PASS (Pos Overall=0.5443m, X=0.1531m, Y=0.1433m, Z=0.5023m, Att=0.29/0.30/0.68 deg)
Run  3: PASS (Pos Overall=0.5431m, X=0.1646m, Y=0.1387m, Z=0.4986m, Att=0.26/0.28/0.73 deg)
Run  4: PASS (Pos Overall=0.5282m, X=0.1431m, Y=0.1464m, Z=0.4869m, Att=0.29/0.30/0.66 deg)
Run  5: PASS (Pos Overall=0.5627m, X=0.1633m, Y=0.1556m, Z=0.5155m, Att=0.28/0.28/0.65 deg)
Run  6: PASS (Pos Overall=0.5181m, X=0.1532m, Y=0.1502m, Z=0.4716m, Att=0.27/0.29/0.64 deg)
Run  7: PASS (Pos Overall=0.5197m, X=0.1519m, Y=0.1457m, Z=0.4752m, Att=0.26/0.30/0.63 deg)
Run  8: PASS (Pos Overall=0.4761m, X=0.1605m, Y=0.1434m, Z=0.4247m, Att=0.27/0.29/0.71 deg)
Run  9: PASS (Pos Overall=0.5087m, X=0.1656m, Y=0.1624m, Z=0.4527m, Att=0.28/0.30/0.66 deg)
Run 10: PASS (Pos Overall=0.5282m, X=0.1646m, Y=0.1595m, Z=0.4760m, Att=0.27/0.29/0.68 deg)

=== 総合判定: 全てのRunが成功 ===

MAT結果保存: batch_10sets_results.mat
CSVサマリー保存: batch_10sets_summary.csv

終了時刻: 23-Dec-2025 19:32:52
========================================
バッチ処理完了。ログ: C:\Users\takut\OneDrive\ドキュメント\MATLAB\KalmanFilter\kalman\Results\log\batch_10sets_log_matlab_20251223_192945.txt
