観測データ読み込み中...
観測データ読み込み完了 (samples=1071)
パラメータ読み込み中...
パラメータ読み込み完了
ESKF初期化中...
ESKF初期化完了 (use_meukf=0)
フィルタ実行中 (最初の1000サンプル)...
[eskf_core_mex] Using MEX acceleration
kalman_filter_core: MEX implementation detected and enabled
  Step 100/1000 (pos=[6.99, -0.72, -2.53])
  Step 200/1000 (pos=[6.99, -0.72, -2.53])
  Step 300/1000 (pos=[6.99, -0.72, -2.53])
  Step 400/1000 (pos=[7.00, -0.72, -2.53])
  Step 500/1000 (pos=[7.00, -0.72, -2.53])
  Step 600/1000 (pos=[7.00, -0.72, -2.53])
  Step 700/1000 (pos=[7.00, -0.72, -2.53])
  Step 800/1000 (pos=[7.00, -0.72, -2.53])
  Step 900/1000 (pos=[7.00, -0.72, -2.53])
  Step 1000/1000 (pos=[7.00, -0.72, -2.53])

テスト成功!
最終位置: [6.997, -0.719, -2.534]
最終姿勢(deg): [109.3, 44.6, -117.8]
