
=== Building MEX Files ===

Compiler: MinGW64 Compiler (C++)

[警告: ファイルが見つからないかアクセスが許可されていません] 
[> build_mex (行 103) 内] 
[1/2] Compiling mex_run_eskf... FAILED
  In file included from C:\Users\takut\OneDrive\ドキュメント\MATLAB\KalmanFilter\kalman\cpp\MEX\mex_run_eskf.cpp:15:
C:\Users\takut\OneDrive\ドキュメント\MATLAB\KalmanFilter\kalman\cpp\MEX\Impl/mex_run_eskf_impl.hpp: In function 'void mex_run_eskf_impl::do_step(eskf::ESKFState*, const mxArray*, int)':
C:\Users\takut\OneDrive\ドキュメント\MATLAB\KalmanFilter\kalman\cpp\MEX\Impl/mex_run_eskf_impl.hpp:90:36: error: cannot convert 'float*' to 'const double*'
     call_sensor_update(s, "accel", a_f, 3, k);
                                    ^~~
In file included from C:\Users\takut\OneDrive\ドキュメント\MATLAB\KalmanFilter\kalman\cpp\MEX\Impl/mex_run_eskf_impl.hpp:13,
                 from C:\Users\takut\OneDrive\ドキュメント\MATLAB\KalmanFilter\kalman\cpp\MEX\mex_run_eskf.cpp:15:
C:\Users\takut\OneDrive\ドキュメント\MATLAB\KalmanFilter\kalman\cpp\MEX\Impl/mex_run_eskf_sensor_updates.hpp:38:78: note:   initializing argument 3 of 'void mex_run_eskf_impl::call_sensor_update(eskf::ESKFState*, const char*, const double*, int, double)'
 inline void call_sensor_update(ESKFState* s, const char* type, const double* meas, int meas_len, double sample) {
                                                                ~~~~~~~~~~~~~~^~~~
In file included from C:\Users\takut\OneDrive\ドキュメント\MATLAB\KalmanFilter\kalman\cpp\MEX\mex_run_eskf.cpp:15:
C:\Users\takut\OneDrive\ドキュメント\MATLAB\KalmanFilter\kalman\cpp\MEX\Impl/mex_run_eskf_impl.hpp:91:34: error: cannot convert 'float*' to 'const double*'
     call_sensor_update(s, "mag", m_f, 3, k);
                                  ^~~
In file included from C:\Users\takut\OneDrive\ドキュメント\MATLAB\KalmanFilter\kalman\cpp\MEX\Impl/mex_run_eskf_impl.hpp:13,
                 from C:\Users\takut\OneDrive\ドキュメント\MATLAB\KalmanFilter\kalman\cpp\MEX\mex_run_eskf.cpp:15:
C:\Users\takut\OneDrive\ドキュメント\MATLAB\KalmanFilter\kalman\cpp\MEX\Impl/mex_run_eskf_sensor_updates.hpp:38:78: note:   initializing argument 3 of 'void mex_run_eskf_impl::call_sensor_update(eskf::ESKFState*, const char*, const double*, int, double)'
 inline void call_sensor_update(ESKFState* s, const char* type, const double* meas, int meas_len, double sample) {
                                                                ~~~~~~~~~~~~~~^~~~

[2/2] Compiling mex_meukf_step_v2... OK (907.5 KB)

Build finished: 1/2 MEX built
Output: C:\Users\takut\OneDrive\ドキュメント\MATLAB\KalmanFilter\kalman\cpp\bin

Build log: C:\Users\takut\OneDrive\ドキュメント\MATLAB\KalmanFilter\kalman\cpp\build\build_mex_log_20260111_215303.txt
